<?xml version="1.0" encoding="UTF-8"?>
<TestRun id="43e29038-fcab-4bc1-bb0b-f9213d9533cc" name="Jr@JR-PC 2011-12-10 13:31:30" runUser="Jr-PC\Jr" xmlns="http://microsoft.com/schemas/VisualStudio/TeamTest/2010">
  <TestSettings name="Local" id="ea6b27d7-3c5c-46fc-b4b9-12f9220380db">
    <Description>These are default test settings for a local test run.</Description>
    <Deployment enabled="false" runDeploymentRoot="Jr_JR-PC 2011-12-10 13_31_30">
      <DeploymentItem filename="C:\Users\Jr\Documents\Jr\Projects\TI\VS2010\ModeloIVIA\ModeloIVIA\bin\Debug\ModeloIVIA.dll" />
    </Deployment>
    <Execution>
      <TestTypeSpecific />
      <AgentRule name="Execution Agents">
      </AgentRule>
    </Execution>
  </TestSettings>
  <Times creation="2011-12-10T13:31:30.3195955-03:00" queuing="2011-12-10T13:31:33.4687757-03:00" start="2011-12-10T13:31:33.6477859-03:00" finish="2011-12-10T13:31:34.7688500-03:00" />
  <ResultSummary outcome="Completed">
    <Counters total="4" executed="4" passed="4" error="0" failed="0" timeout="0" aborted="0" inconclusive="0" passedButRunAborted="0" notRunnable="0" notExecuted="0" disconnected="0" warning="0" completed="0" inProgress="0" pending="0" />
  </ResultSummary>
  <TestDefinitions>
    <UnitTest name="VerificaLoginValido" storage="c:\users\jr\documents\jr\projects\ti\vs2010\modeloivia\modeloivia.tests\bin\debug\modeloivia.tests.dll" id="def6811b-8fc3-4545-28b6-d3f2125e66af">
      <Execution id="67704aec-b9eb-439e-871b-cc71f57c632c" />
      <TestMethod codeBase="C:/Users/Jr/Documents/Jr/Projects/TI/VS2010/ModeloIVIA/ModeloIVIA.Tests/bin/Debug/ModeloIVIA.Tests.DLL" adapterTypeName="Microsoft.VisualStudio.TestTools.TestTypes.Unit.UnitTestAdapter, Microsoft.VisualStudio.QualityTools.Tips.UnitTest.Adapter, Version=10.0.0.0, Culture=neutral, PublicKeyToken=b03f5f7f11d50a3a" className="ModeloIVIA.Tests.TestaUsuarioLogin, ModeloIVIA.Tests, Version=1.0.0.0, Culture=neutral, PublicKeyToken=null" name="VerificaLoginValido" />
    </UnitTest>
    <UnitTest name="VerificaUsuarioEmGrupoAdministrador" storage="c:\users\jr\documents\jr\projects\ti\vs2010\modeloivia\modeloivia.tests\bin\debug\modeloivia.tests.dll" id="2360ba42-e461-6d7a-f9e4-9e8af90d8359">
      <Execution id="088ffb03-38af-4a3b-a7d3-0d6a54687b46" />
      <TestMethod codeBase="C:/Users/Jr/Documents/Jr/Projects/TI/VS2010/ModeloIVIA/ModeloIVIA.Tests/bin/Debug/ModeloIVIA.Tests.DLL" adapterTypeName="Microsoft.VisualStudio.TestTools.TestTypes.Unit.UnitTestAdapter, Microsoft.VisualStudio.QualityTools.Tips.UnitTest.Adapter, Version=10.0.0.0, Culture=neutral, PublicKeyToken=b03f5f7f11d50a3a" className="ModeloIVIA.Tests.TestaUsuarioGrupo, ModeloIVIA.Tests, Version=1.0.0.0, Culture=neutral, PublicKeyToken=null" name="VerificaUsuarioEmGrupoAdministrador" />
    </UnitTest>
    <UnitTest name="VerificaLoginInvalido" storage="c:\users\jr\documents\jr\projects\ti\vs2010\modeloivia\modeloivia.tests\bin\debug\modeloivia.tests.dll" id="3ce1af80-8fd1-b125-5c45-c122c7fd7bfd">
      <Execution id="10c9c629-f167-40c9-81b6-db62989cbe75" />
      <TestMethod codeBase="C:/Users/Jr/Documents/Jr/Projects/TI/VS2010/ModeloIVIA/ModeloIVIA.Tests/bin/Debug/ModeloIVIA.Tests.DLL" adapterTypeName="Microsoft.VisualStudio.TestTools.TestTypes.Unit.UnitTestAdapter, Microsoft.VisualStudio.QualityTools.Tips.UnitTest.Adapter, Version=10.0.0.0, Culture=neutral, PublicKeyToken=b03f5f7f11d50a3a" className="ModeloIVIA.Tests.TestaUsuarioLogin, ModeloIVIA.Tests, Version=1.0.0.0, Culture=neutral, PublicKeyToken=null" name="VerificaLoginInvalido" />
    </UnitTest>
    <UnitTest name="VerificaUsuarioEmGrupoUsuario" storage="c:\users\jr\documents\jr\projects\ti\vs2010\modeloivia\modeloivia.tests\bin\debug\modeloivia.tests.dll" id="f8a3812b-1a9a-e010-97f7-2121275a92de">
      <Execution id="a2b16c80-3a8f-42a0-88b4-1a7f94331cd8" />
      <TestMethod codeBase="C:/Users/Jr/Documents/Jr/Projects/TI/VS2010/ModeloIVIA/ModeloIVIA.Tests/bin/Debug/ModeloIVIA.Tests.DLL" adapterTypeName="Microsoft.VisualStudio.TestTools.TestTypes.Unit.UnitTestAdapter, Microsoft.VisualStudio.QualityTools.Tips.UnitTest.Adapter, Version=10.0.0.0, Culture=neutral, PublicKeyToken=b03f5f7f11d50a3a" className="ModeloIVIA.Tests.TestaUsuarioGrupo, ModeloIVIA.Tests, Version=1.0.0.0, Culture=neutral, PublicKeyToken=null" name="VerificaUsuarioEmGrupoUsuario" />
    </UnitTest>
  </TestDefinitions>
  <TestLists>
    <TestList name="Results Not in a List" id="8c84fa94-04c1-424b-9868-57a2d4851a1d" />
    <TestList name="All Loaded Results" id="19431567-8539-422a-85d7-44ee4e166bda" />
  </TestLists>
  <TestEntries>
    <TestEntry testId="2360ba42-e461-6d7a-f9e4-9e8af90d8359" executionId="088ffb03-38af-4a3b-a7d3-0d6a54687b46" testListId="8c84fa94-04c1-424b-9868-57a2d4851a1d" />
    <TestEntry testId="3ce1af80-8fd1-b125-5c45-c122c7fd7bfd" executionId="10c9c629-f167-40c9-81b6-db62989cbe75" testListId="8c84fa94-04c1-424b-9868-57a2d4851a1d" />
    <TestEntry testId="def6811b-8fc3-4545-28b6-d3f2125e66af" executionId="67704aec-b9eb-439e-871b-cc71f57c632c" testListId="8c84fa94-04c1-424b-9868-57a2d4851a1d" />
    <TestEntry testId="f8a3812b-1a9a-e010-97f7-2121275a92de" executionId="a2b16c80-3a8f-42a0-88b4-1a7f94331cd8" testListId="8c84fa94-04c1-424b-9868-57a2d4851a1d" />
  </TestEntries>
  <Results>
    <UnitTestResult executionId="088ffb03-38af-4a3b-a7d3-0d6a54687b46" testId="2360ba42-e461-6d7a-f9e4-9e8af90d8359" testName="VerificaUsuarioEmGrupoAdministrador" computerName="JR-PC" duration="00:00:00.0584337" startTime="2011-12-10T13:31:33.7367910-03:00" endTime="2011-12-10T13:31:34.6408427-03:00" testType="13cdc9d9-ddb5-4fa4-a97d-d965ccfc6d4b" outcome="Passed" testListId="8c84fa94-04c1-424b-9868-57a2d4851a1d" relativeResultsDirectory="088ffb03-38af-4a3b-a7d3-0d6a54687b46">
    </UnitTestResult>
    <UnitTestResult executionId="10c9c629-f167-40c9-81b6-db62989cbe75" testId="3ce1af80-8fd1-b125-5c45-c122c7fd7bfd" testName="VerificaLoginInvalido" computerName="JR-PC" duration="00:00:00.0012472" startTime="2011-12-10T13:31:34.6498432-03:00" endTime="2011-12-10T13:31:34.6628440-03:00" testType="13cdc9d9-ddb5-4fa4-a97d-d965ccfc6d4b" outcome="Passed" testListId="8c84fa94-04c1-424b-9868-57a2d4851a1d" relativeResultsDirectory="10c9c629-f167-40c9-81b6-db62989cbe75">
    </UnitTestResult>
    <UnitTestResult executionId="67704aec-b9eb-439e-871b-cc71f57c632c" testId="def6811b-8fc3-4545-28b6-d3f2125e66af" testName="VerificaLoginValido" computerName="JR-PC" duration="00:00:00.0002491" startTime="2011-12-10T13:31:34.6658441-03:00" endTime="2011-12-10T13:31:34.6718445-03:00" testType="13cdc9d9-ddb5-4fa4-a97d-d965ccfc6d4b" outcome="Passed" testListId="8c84fa94-04c1-424b-9868-57a2d4851a1d" relativeResultsDirectory="67704aec-b9eb-439e-871b-cc71f57c632c">
    </UnitTestResult>
    <UnitTestResult executionId="a2b16c80-3a8f-42a0-88b4-1a7f94331cd8" testId="f8a3812b-1a9a-e010-97f7-2121275a92de" testName="VerificaUsuarioEmGrupoUsuario" computerName="JR-PC" duration="00:00:00.0002272" startTime="2011-12-10T13:31:34.6728445-03:00" endTime="2011-12-10T13:31:34.6778448-03:00" testType="13cdc9d9-ddb5-4fa4-a97d-d965ccfc6d4b" outcome="Passed" testListId="8c84fa94-04c1-424b-9868-57a2d4851a1d" relativeResultsDirectory="a2b16c80-3a8f-42a0-88b4-1a7f94331cd8">
    </UnitTestResult>
  </Results>
</TestRun>